// Vitest Snapshot v1

exports[`ColorPicker > should render correctly 1`] = `
<body>
  <div>
    <div
      class="uic-color-picker"
    >
      <input
        class="p-inputmask p-inputtext p-component p-filled sr-only"
        data-pc-name="inputmask"
        data-pc-section="root"
        id="color-picker-input"
        placeholder="#ffffff"
      />
      <input
        class="uic-color-picker__input"
        data-testid="color-picker-input"
        readonly=""
        style="background-color: rgb(255, 0, 0);"
        tabindex="-1"
        type="text"
      />
      <!---->
    </div>
  </div>
</body>
`;

exports[`ColorPicker > should render the color picker when the input is clicked 1`] = `
<div
  class="uic-color-picker__panel uic-color-picker__panel--hex-input"
  data-testid="color-picker-panel"
>
  <div
    class="uic-color-picker__content"
  >
    <div
      class="uic-color-picker__selector"
    >
      <div
        class="uic-color-picker__color"
      >
        <div
          class="uic-color-picker__color-handle"
        />
      </div>
    </div>
    <div
      class="uic-color-picker__hue"
    >
      <div
        class="uic-color-picker__hue-handle"
      />
    </div>
  </div>
  <input
    class="p-inputmask p-inputtext p-component p-filled uic-color-picker__hex-input"
    data-pc-name="inputmask"
    data-pc-section="root"
    data-testid="color-picker-hex-input"
    placeholder="#ffffff"
  />
</div>
`;
